C:\Projects\github\MyDiag\tools\AS6\project\Logical\Global.typ
C:\Projects\github\MyDiag\tools\AS6\project\Logical\Global.var
C:\Projects\github\MyDiag\tools\AS6\project\Logical\Libraries\operator\operator.fun
C:\Projects\github\MyDiag\tools\AS6\project\Logical\Libraries\operator\operator.typ
C:\Projects\github\MyDiag\tools\AS6\project\Logical\Libraries\operator\operator.var
C:\Projects\github\MyDiag\tools\AS6\project\Logical\Libraries\runtime\runtime.fun
C:\Projects\github\MyDiag\tools\AS6\project\Logical\Libraries\runtime\runtime.typ
C:\Projects\github\MyDiag\tools\AS6\project\Logical\Libraries\runtime\runtime.var
C:\Projects\github\MyDiag\tools\AS6\project\Logical\Libraries\astime\astime.fun
C:\Projects\github\MyDiag\tools\AS6\project\Logical\Libraries\astime\astime.typ
C:\Projects\github\MyDiag\tools\AS6\project\Logical\Libraries\astime\astime.var
C:\Projects\github\MyDiag\tools\AS6\project\Logical\Libraries\AsIecCon\AsIecCon.fun
C:\Projects\github\MyDiag\tools\AS6\project\Logical\Libraries\AsIecCon\AsIecCon.typ
C:\Projects\github\MyDiag\tools\AS6\project\Logical\Libraries\AsIecCon\AsIecCon.var
C:\Projects\github\MyDiag\tools\AS6\project\Logical\Libraries\AsZip\AsZip.fun
C:\Projects\github\MyDiag\tools\AS6\project\Logical\Libraries\AsZip\AsZip.typ
C:\Projects\github\MyDiag\tools\AS6\project\Logical\Libraries\AsZip\AsZip.var
C:\Projects\github\MyDiag\tools\AS6\project\Logical\Libraries\FileIO\FileIO.fun
C:\Projects\github\MyDiag\tools\AS6\project\Logical\Libraries\FileIO\FileIO.typ
C:\Projects\github\MyDiag\tools\AS6\project\Logical\Libraries\FileIO\FileIO.var
C:\Projects\github\MyDiag\tools\AS6\project\Logical\Libraries\standard\standard.fun
C:\Projects\github\MyDiag\tools\AS6\project\Logical\Libraries\standard\standard.typ
C:\Projects\github\MyDiag\tools\AS6\project\Logical\Libraries\standard\standard.var
C:\Projects\github\MyDiag\tools\AS6\project\Logical\Libraries\AsBrStr\AsBrStr.fun
C:\Projects\github\MyDiag\tools\AS6\project\Logical\Libraries\AsBrStr\AsBrStr.typ
C:\Projects\github\MyDiag\tools\AS6\project\Logical\Libraries\AsBrStr\AsBrStr.var
C:\Projects\github\MyDiag\tools\AS6\project\Logical\Libraries\sys_lib\sys_lib.fun
C:\Projects\github\MyDiag\tools\AS6\project\Logical\Libraries\sys_lib\sys_lib.typ
C:\Projects\github\MyDiag\tools\AS6\project\Logical\Libraries\sys_lib\sys_lib.var
C:\Projects\github\MyDiag\tools\AS6\project\Logical\Libraries\brsystem\brsystem.fun
C:\Projects\github\MyDiag\tools\AS6\project\Logical\Libraries\brsystem\brsystem.typ
C:\Projects\github\MyDiag\tools\AS6\project\Logical\Libraries\brsystem\brsystem.var
C:\Projects\github\MyDiag\tools\AS6\project\Logical\Libraries\ArEventLog\ArEventLog.fun
C:\Projects\github\MyDiag\tools\AS6\project\Logical\Libraries\ArEventLog\ArEventLog.typ
C:\Projects\github\MyDiag\tools\AS6\project\Logical\Libraries\ArEventLog\ArEventLog.var
C:\Projects\github\MyDiag\tools\AS6\project\Logical\Libraries\DataObj\DataObj.fun
C:\Projects\github\MyDiag\tools\AS6\project\Logical\Libraries\DataObj\DataObj.typ
C:\Projects\github\MyDiag\tools\AS6\project\Logical\Libraries\DataObj\DataObj.var
C:\Projects\github\MyDiag\tools\AS6\project\Logical\Libraries\AsHttp\AsHttp.fun
C:\Projects\github\MyDiag\tools\AS6\project\Logical\Libraries\AsHttp\AsHttp.typ
C:\Projects\github\MyDiag\tools\AS6\project\Logical\Libraries\AsHttp\AsHttp.var
C:\Projects\github\MyDiag\tools\AS6\project\Logical\Libraries\AsArSdm\AsArSdm.fun
C:\Projects\github\MyDiag\tools\AS6\project\Logical\Libraries\AsArSdm\AsArSdm.typ
C:\Projects\github\MyDiag\tools\AS6\project\Logical\Libraries\AsArSdm\AsArSdm.var
C:\Projects\github\MyDiag\tools\AS6\project\Logical\Libraries\AsArProf\AsArProf.fun
C:\Projects\github\MyDiag\tools\AS6\project\Logical\Libraries\AsArProf\AsArProf.typ
C:\Projects\github\MyDiag\tools\AS6\project\Logical\Libraries\AsArProf\AsArProf.var
C:\Projects\github\MyDiag\sources\MyDiag\MyDiagTypes.typ
C:\Projects\github\MyDiag\sources\MyDiag\MyDiagConstants.var
C:\Projects\github\MyDiag\sources\MyDiag\MyDiag.fun
