<?xml version="1.0" encoding="utf-8"?>
<?AutomationStudio Version="4.12.9.18 SP"?>
<Objects>
  <Object
    Path="C:\Projects\github\MyDiag\tools\AS6\project\Logical\Package.pkg"
    LogicalPath=""
    Type="Package.ParentUnknown"
    LastWriteTime="134278129265623255" />
  <Object
    Path="C:\Projects\github\MyDiag\tools\AS6\project\Logical\Global.typ"
    LogicalPath="Global.typ"
    Type="File"
    LastWriteTime="133301614400000000"
    Private="false" />
  <Object
    Path="C:\Projects\github\MyDiag\tools\AS6\project\Logical\Global.var"
    LogicalPath="Global.var"
    Type="File"
    LastWriteTime="133307769467642909"
    Private="false" />
  <Object
    Path="C:\Projects\github\MyDiag\tools\AS6\project\Logical\Libraries\Package.pkg"
    LogicalPath="Libraries"
    Type="Package"
    LastWriteTime="134278013733139493" />
  <Object
    Path="C:\Projects\github\MyDiag\tools\AS6\project\Logical\Libraries\operator\binary.lby"
    LogicalPath="Libraries.operator"
    Type="Library"
    LastWriteTime="133294827080000000" />
  <Object
    Path="C:\Projects\github\MyDiag\tools\AS6\project\Logical\Libraries\operator\operator.fun"
    LogicalPath="Libraries.operator.operator.fun"
    Type="File"
    LastWriteTime="133294827080000000"
    Private="false" />
  <Object
    Path="C:\Projects\github\MyDiag\tools\AS6\project\Logical\Libraries\operator\operator.typ"
    LogicalPath="Libraries.operator.operator.typ"
    Type="File"
    LastWriteTime="133294827080000000"
    Private="false" />
  <Object
    Path="C:\Projects\github\MyDiag\tools\AS6\project\Logical\Libraries\operator\operator.var"
    LogicalPath="Libraries.operator.operator.var"
    Type="File"
    LastWriteTime="133294827080000000"
    Private="false" />
  <Object
    Path="C:\Projects\github\MyDiag\tools\AS6\project\Logical\Libraries\runtime\binary.lby"
    LogicalPath="Libraries.runtime"
    Type="Library"
    LastWriteTime="133294827100000000" />
  <Object
    Path="C:\Projects\github\MyDiag\tools\AS6\project\Logical\Libraries\runtime\runtime.fun"
    LogicalPath="Libraries.runtime.runtime.fun"
    Type="File"
    LastWriteTime="133294827100000000"
    Private="false" />
  <Object
    Path="C:\Projects\github\MyDiag\tools\AS6\project\Logical\Libraries\runtime\runtime.typ"
    LogicalPath="Libraries.runtime.runtime.typ"
    Type="File"
    LastWriteTime="133294827100000000"
    Private="false" />
  <Object
    Path="C:\Projects\github\MyDiag\tools\AS6\project\Logical\Libraries\runtime\runtime.var"
    LogicalPath="Libraries.runtime.runtime.var"
    Type="File"
    LastWriteTime="133294827100000000"
    Private="false" />
  <Object
    Path="C:\Projects\github\MyDiag\tools\AS6\project\Logical\Libraries\astime\binary.lby"
    LogicalPath="Libraries.astime"
    Type="Library"
    LastWriteTime="133294827100000000" />
  <Object
    Path="C:\Projects\github\MyDiag\tools\AS6\project\Logical\Libraries\astime\astime.fun"
    LogicalPath="Libraries.astime.astime.fun"
    Type="File"
    LastWriteTime="133294827100000000"
    Private="false" />
  <Object
    Path="C:\Projects\github\MyDiag\tools\AS6\project\Logical\Libraries\astime\astime.typ"
    LogicalPath="Libraries.astime.astime.typ"
    Type="File"
    LastWriteTime="133294827100000000"
    Private="false" />
  <Object
    Path="C:\Projects\github\MyDiag\tools\AS6\project\Logical\Libraries\astime\astime.var"
    LogicalPath="Libraries.astime.astime.var"
    Type="File"
    LastWriteTime="133294827100000000"
    Private="false" />
  <Object
    Path="C:\Projects\github\MyDiag\tools\AS6\project\Logical\Libraries\AsIecCon\binary.lby"
    LogicalPath="Libraries.AsIecCon"
    Type="Library"
    LastWriteTime="133294827100000000" />
  <Object
    Path="C:\Projects\github\MyDiag\tools\AS6\project\Logical\Libraries\AsIecCon\AsIecCon.fun"
    LogicalPath="Libraries.AsIecCon.AsIecCon.fun"
    Type="File"
    LastWriteTime="133294827100000000"
    Private="false" />
  <Object
    Path="C:\Projects\github\MyDiag\tools\AS6\project\Logical\Libraries\AsIecCon\AsIecCon.typ"
    LogicalPath="Libraries.AsIecCon.AsIecCon.typ"
    Type="File"
    LastWriteTime="133294827100000000"
    Private="false" />
  <Object
    Path="C:\Projects\github\MyDiag\tools\AS6\project\Logical\Libraries\AsIecCon\AsIecCon.var"
    LogicalPath="Libraries.AsIecCon.AsIecCon.var"
    Type="File"
    LastWriteTime="133294827100000000"
    Private="false" />
  <Object
    Path="C:\Projects\github\MyDiag\tools\AS6\project\Logical\Libraries\AsZip\binary.lby"
    LogicalPath="Libraries.AsZip"
    Type="Library"
    LastWriteTime="133295620720000000" />
  <Object
    Path="C:\Projects\github\MyDiag\tools\AS6\project\Logical\Libraries\AsZip\AsZip.fun"
    LogicalPath="Libraries.AsZip.AsZip.fun"
    Type="File"
    LastWriteTime="133295620720000000"
    Private="false" />
  <Object
    Path="C:\Projects\github\MyDiag\tools\AS6\project\Logical\Libraries\AsZip\AsZip.typ"
    LogicalPath="Libraries.AsZip.AsZip.typ"
    Type="File"
    LastWriteTime="133295620720000000"
    Private="false" />
  <Object
    Path="C:\Projects\github\MyDiag\tools\AS6\project\Logical\Libraries\AsZip\AsZip.var"
    LogicalPath="Libraries.AsZip.AsZip.var"
    Type="File"
    LastWriteTime="133295620720000000"
    Private="false" />
  <Object
    Path="C:\Projects\github\MyDiag\tools\AS6\project\Logical\Libraries\FileIO\binary.lby"
    LogicalPath="Libraries.FileIO"
    Type="Library"
    LastWriteTime="133295620720000000" />
  <Object
    Path="C:\Projects\github\MyDiag\tools\AS6\project\Logical\Libraries\FileIO\FileIO.fun"
    LogicalPath="Libraries.FileIO.FileIO.fun"
    Type="File"
    LastWriteTime="133295620720000000"
    Private="false" />
  <Object
    Path="C:\Projects\github\MyDiag\tools\AS6\project\Logical\Libraries\FileIO\FileIO.typ"
    LogicalPath="Libraries.FileIO.FileIO.typ"
    Type="File"
    LastWriteTime="133295620720000000"
    Private="false" />
  <Object
    Path="C:\Projects\github\MyDiag\tools\AS6\project\Logical\Libraries\FileIO\FileIO.var"
    LogicalPath="Libraries.FileIO.FileIO.var"
    Type="File"
    LastWriteTime="133295620720000000"
    Private="false" />
  <Object
    Path="C:\Projects\github\MyDiag\tools\AS6\project\Logical\Libraries\standard\binary.lby"
    LogicalPath="Libraries.standard"
    Type="Library"
    LastWriteTime="133305374771837264" />
  <Object
    Path="C:\Projects\github\MyDiag\tools\AS6\project\Logical\Libraries\standard\standard.fun"
    LogicalPath="Libraries.standard.standard.fun"
    Type="File"
    LastWriteTime="133305374771156461"
    Private="false" />
  <Object
    Path="C:\Projects\github\MyDiag\tools\AS6\project\Logical\Libraries\standard\standard.typ"
    LogicalPath="Libraries.standard.standard.typ"
    Type="File"
    LastWriteTime="133305374771438603"
    Private="false" />
  <Object
    Path="C:\Projects\github\MyDiag\tools\AS6\project\Logical\Libraries\standard\standard.var"
    LogicalPath="Libraries.standard.standard.var"
    Type="File"
    LastWriteTime="133305374771714609"
    Private="false" />
  <Object
    Path="C:\Projects\github\MyDiag\tools\AS6\project\Logical\Libraries\AsBrStr\binary.lby"
    LogicalPath="Libraries.AsBrStr"
    Type="Library"
    LastWriteTime="133305375486833803" />
  <Object
    Path="C:\Projects\github\MyDiag\tools\AS6\project\Logical\Libraries\AsBrStr\AsBrStr.fun"
    LogicalPath="Libraries.AsBrStr.AsBrStr.fun"
    Type="File"
    LastWriteTime="133305375486103933"
    Private="false" />
  <Object
    Path="C:\Projects\github\MyDiag\tools\AS6\project\Logical\Libraries\AsBrStr\AsBrStr.typ"
    LogicalPath="Libraries.AsBrStr.AsBrStr.typ"
    Type="File"
    LastWriteTime="133305375486416746"
    Private="false" />
  <Object
    Path="C:\Projects\github\MyDiag\tools\AS6\project\Logical\Libraries\AsBrStr\AsBrStr.var"
    LogicalPath="Libraries.AsBrStr.AsBrStr.var"
    Type="File"
    LastWriteTime="133305375486723402"
    Private="false" />
  <Object
    Path="C:\Projects\github\MyDiag\tools\AS6\project\Logical\Libraries\sys_lib\binary.lby"
    LogicalPath="Libraries.sys_lib"
    Type="Library"
    LastWriteTime="133307738583676406" />
  <Object
    Path="C:\Projects\github\MyDiag\tools\AS6\project\Logical\Libraries\sys_lib\sys_lib.fun"
    LogicalPath="Libraries.sys_lib.sys_lib.fun"
    Type="File"
    LastWriteTime="133307738583247916"
    Private="false" />
  <Object
    Path="C:\Projects\github\MyDiag\tools\AS6\project\Logical\Libraries\sys_lib\sys_lib.typ"
    LogicalPath="Libraries.sys_lib.sys_lib.typ"
    Type="File"
    LastWriteTime="133307738583427092"
    Private="false" />
  <Object
    Path="C:\Projects\github\MyDiag\tools\AS6\project\Logical\Libraries\sys_lib\sys_lib.var"
    LogicalPath="Libraries.sys_lib.sys_lib.var"
    Type="File"
    LastWriteTime="133307738583596629"
    Private="false" />
  <Object
    Path="C:\Projects\github\MyDiag\tools\AS6\project\Logical\Libraries\brsystem\binary.lby"
    LogicalPath="Libraries.brsystem"
    Type="Library"
    LastWriteTime="133307738792134294" />
  <Object
    Path="C:\Projects\github\MyDiag\tools\AS6\project\Logical\Libraries\brsystem\brsystem.fun"
    LogicalPath="Libraries.brsystem.brsystem.fun"
    Type="File"
    LastWriteTime="133307738791635629"
    Private="false" />
  <Object
    Path="C:\Projects\github\MyDiag\tools\AS6\project\Logical\Libraries\brsystem\brsystem.typ"
    LogicalPath="Libraries.brsystem.brsystem.typ"
    Type="File"
    LastWriteTime="133307738791815149"
    Private="false" />
  <Object
    Path="C:\Projects\github\MyDiag\tools\AS6\project\Logical\Libraries\brsystem\brsystem.var"
    LogicalPath="Libraries.brsystem.brsystem.var"
    Type="File"
    LastWriteTime="133307738792014645"
    Private="false" />
  <Object
    Path="C:\Projects\github\MyDiag\tools\AS6\project\Logical\Libraries\ArEventLog\binary.lby"
    LogicalPath="Libraries.ArEventLog"
    Type="Library"
    LastWriteTime="133307761355600659" />
  <Object
    Path="C:\Projects\github\MyDiag\tools\AS6\project\Logical\Libraries\ArEventLog\ArEventLog.fun"
    LogicalPath="Libraries.ArEventLog.ArEventLog.fun"
    Type="File"
    LastWriteTime="133307761355209204"
    Private="false" />
  <Object
    Path="C:\Projects\github\MyDiag\tools\AS6\project\Logical\Libraries\ArEventLog\ArEventLog.typ"
    LogicalPath="Libraries.ArEventLog.ArEventLog.typ"
    Type="File"
    LastWriteTime="133307761355368779"
    Private="false" />
  <Object
    Path="C:\Projects\github\MyDiag\tools\AS6\project\Logical\Libraries\ArEventLog\ArEventLog.var"
    LogicalPath="Libraries.ArEventLog.ArEventLog.var"
    Type="File"
    LastWriteTime="133307761355520615"
    Private="false" />
  <Object
    Path="C:\Projects\github\MyDiag\tools\AS6\project\Logical\Libraries\DataObj\binary.lby"
    LogicalPath="Libraries.DataObj"
    Type="Library"
    LastWriteTime="133307761357899473" />
  <Object
    Path="C:\Projects\github\MyDiag\tools\AS6\project\Logical\Libraries\DataObj\DataObj.fun"
    LogicalPath="Libraries.DataObj.DataObj.fun"
    Type="File"
    LastWriteTime="133307761357450127"
    Private="false" />
  <Object
    Path="C:\Projects\github\MyDiag\tools\AS6\project\Logical\Libraries\DataObj\DataObj.typ"
    LogicalPath="Libraries.DataObj.DataObj.typ"
    Type="File"
    LastWriteTime="133307761357663058"
    Private="false" />
  <Object
    Path="C:\Projects\github\MyDiag\tools\AS6\project\Logical\Libraries\DataObj\DataObj.var"
    LogicalPath="Libraries.DataObj.DataObj.var"
    Type="File"
    LastWriteTime="133307761357819646"
    Private="false" />
  <Object
    Path="C:\Projects\github\MyDiag\tools\AS6\project\Logical\Libraries\AsHttp\binary.lby"
    LogicalPath="Libraries.AsHttp"
    Type="Library"
    LastWriteTime="133313934825418135" />
  <Object
    Path="C:\Projects\github\MyDiag\tools\AS6\project\Logical\Libraries\AsHttp\AsHttp.fun"
    LogicalPath="Libraries.AsHttp.AsHttp.fun"
    Type="File"
    LastWriteTime="133313934824919444"
    Private="false" />
  <Object
    Path="C:\Projects\github\MyDiag\tools\AS6\project\Logical\Libraries\AsHttp\AsHttp.typ"
    LogicalPath="Libraries.AsHttp.AsHttp.typ"
    Type="File"
    LastWriteTime="133313934825138888"
    Private="false" />
  <Object
    Path="C:\Projects\github\MyDiag\tools\AS6\project\Logical\Libraries\AsHttp\AsHttp.var"
    LogicalPath="Libraries.AsHttp.AsHttp.var"
    Type="File"
    LastWriteTime="133313934825328377"
    Private="false" />
  <Object
    Path="C:\Projects\github\MyDiag\tools\AS6\project\Logical\Libraries\AsArSdm\binary.lby"
    LogicalPath="Libraries.AsArSdm"
    Type="Library"
    LastWriteTime="133336434027336717" />
  <Object
    Path="C:\Projects\github\MyDiag\tools\AS6\project\Logical\Libraries\AsArSdm\AsArSdm.fun"
    LogicalPath="Libraries.AsArSdm.AsArSdm.fun"
    Type="File"
    LastWriteTime="133336434026805987"
    Private="false" />
  <Object
    Path="C:\Projects\github\MyDiag\tools\AS6\project\Logical\Libraries\AsArSdm\AsArSdm.typ"
    LogicalPath="Libraries.AsArSdm.AsArSdm.typ"
    Type="File"
    LastWriteTime="133336434027064025"
    Private="false" />
  <Object
    Path="C:\Projects\github\MyDiag\tools\AS6\project\Logical\Libraries\AsArSdm\AsArSdm.var"
    LogicalPath="Libraries.AsArSdm.AsArSdm.var"
    Type="File"
    LastWriteTime="133336434027247438"
    Private="false" />
  <Object
    Path="C:\Projects\github\MyDiag\tools\AS6\project\Logical\Libraries\AsArProf\binary.lby"
    LogicalPath="Libraries.AsArProf"
    Type="Library"
    LastWriteTime="134278013733099476" />
  <Object
    Path="C:\Projects\github\MyDiag\tools\AS6\project\Logical\Libraries\AsArProf\AsArProf.fun"
    LogicalPath="Libraries.AsArProf.AsArProf.fun"
    Type="File"
    LastWriteTime="134278013733079477"
    Private="false" />
  <Object
    Path="C:\Projects\github\MyDiag\tools\AS6\project\Logical\Libraries\AsArProf\AsArProf.typ"
    LogicalPath="Libraries.AsArProf.AsArProf.typ"
    Type="File"
    LastWriteTime="134278013733089493"
    Private="false" />
  <Object
    Path="C:\Projects\github\MyDiag\tools\AS6\project\Logical\Libraries\AsArProf\AsArProf.var"
    LogicalPath="Libraries.AsArProf.AsArProf.var"
    Type="File"
    LastWriteTime="134278013733099476"
    Private="false" />
  <Object
    Path="C:\Projects\github\MyDiag\sources\MyDiag\ANSIC.lby"
    LogicalPath="Libraries.MyDiag"
    Type="Library"
    LastWriteTime="134278063668088171" />
  <Object
    Path="C:\Projects\github\MyDiag\sources\MyDiag\MyDiagTypes.typ"
    LogicalPath="Libraries.MyDiag.MyDiagTypes.typ"
    Type="File"
    LastWriteTime="134278093481160804"
    Private="false" />
  <Object
    Path="C:\Projects\github\MyDiag\sources\MyDiag\MyDiagConstants.var"
    LogicalPath="Libraries.MyDiag.MyDiagConstants.var"
    Type="File"
    LastWriteTime="134277970218971826"
    Private="false" />
  <Object
    Path="C:\Projects\github\MyDiag\sources\MyDiag\MyDiag.fun"
    LogicalPath="Libraries.MyDiag.MyDiag.fun"
    Type="File"
    LastWriteTime="134278108889387097"
    Private="false" />
  <Object
    Path="C:\Projects\github\MyDiag\sources\MyDiag\MD_ascDT.cpp"
    LogicalPath="Libraries.MyDiag.MD_ascDT.cpp"
    Type="File"
    LastWriteTime="133670738767146542"
    Private="false" />
  <Object
    Path="C:\Projects\github\MyDiag\sources\MyDiag\MD_filenameDT.cpp"
    LogicalPath="Libraries.MyDiag.MD_filenameDT.cpp"
    Type="File"
    LastWriteTime="133670738887596592"
    Private="false" />
  <Object
    Path="C:\Projects\github\MyDiag\sources\MyDiag\MD_LogWrite.cpp"
    LogicalPath="Libraries.MyDiag.MD_LogWrite.cpp"
    Type="File"
    LastWriteTime="134277986031875221"
    Private="false" />
  <Object
    Path="C:\Projects\github\MyDiag\sources\MyDiag\MD_LogWatchBOOL.cpp"
    LogicalPath="Libraries.MyDiag.MD_LogWatchBOOL.cpp"
    Type="File"
    LastWriteTime="133693212166055392"
    Private="false" />
  <Object
    Path="C:\Projects\github\MyDiag\sources\MyDiag\MD_LogWatchDINT.cpp"
    LogicalPath="Libraries.MyDiag.MD_LogWatchDINT.cpp"
    Type="File"
    LastWriteTime="133693213266997005"
    Private="false" />
  <Object
    Path="C:\Projects\github\MyDiag\sources\MyDiag\MD_LogWatchSTRING.cpp"
    LogicalPath="Libraries.MyDiag.MD_LogWatchSTRING.cpp"
    Type="File"
    LastWriteTime="133693213927287013"
    Private="false" />
  <Object
    Path="C:\Projects\github\MyDiag\sources\MyDiag\MD_LogWatch8Flags.cpp"
    LogicalPath="Libraries.MyDiag.MD_LogWatch8Flags.cpp"
    Type="File"
    LastWriteTime="133693230803612696"
    Private="false" />
  <Object
    Path="C:\Projects\github\MyDiag\sources\MyDiag\MD_LimitFileNumber.cpp"
    LogicalPath="Libraries.MyDiag.MD_LimitFileNumber.cpp"
    Type="File"
    LastWriteTime="133670739127069457"
    Private="false" />
  <Object
    Path="C:\Projects\github\MyDiag\sources\MyDiag\MD_Dump.cpp"
    LogicalPath="Libraries.MyDiag.MD_Dump.cpp"
    Type="File"
    LastWriteTime="133693282990687942"
    Private="false" />
  <Object
    Path="C:\Projects\github\MyDiag\sources\MyDiag\MD_Profiler.cpp"
    LogicalPath="Libraries.MyDiag.MD_Profiler.cpp"
    Type="File"
    LastWriteTime="134278114991992445"
    Private="false" />
  <Object
    Path="C:\Projects\github\MyDiag\tools\AS6\project\Logical\Logging\IEC.prg"
    LogicalPath="Logging"
    Type="Program"
    LastWriteTime="133670748609920837" />
  <Object
    Path="C:\Projects\github\MyDiag\tools\AS6\project\Logical\Logging\Main.st"
    LogicalPath="Logging.Main.st"
    Type="File"
    LastWriteTime="133694103045223440"
    Private="false" />
  <Object
    Path="C:\Projects\github\MyDiag\tools\AS6\project\Logical\Logging\Types.typ"
    LogicalPath="Logging.Types.typ"
    Type="File"
    LastWriteTime="133673129350244958"
    Private="true" />
  <Object
    Path="C:\Projects\github\MyDiag\tools\AS6\project\Logical\Logging\Variables.var"
    LogicalPath="Logging.Variables.var"
    Type="File"
    LastWriteTime="133693259907349591"
    Private="true" />
  <Object
    Path="C:\Projects\github\MyDiag\tools\AS6\project\Logical\UserEvent\IEC.prg"
    LogicalPath="UserEvent"
    Type="Program"
    LastWriteTime="134278038530774359" />
  <Object
    Path="C:\Projects\github\MyDiag\tools\AS6\project\Logical\UserEvent\Main.st"
    LogicalPath="UserEvent.Main.st"
    Type="File"
    LastWriteTime="134278130513529879"
    Private="false" />
  <Object
    Path="C:\Projects\github\MyDiag\tools\AS6\project\Logical\UserEvent\Types.typ"
    LogicalPath="UserEvent.Types.typ"
    Type="File"
    LastWriteTime="134278037837493632"
    Private="true" />
  <Object
    Path="C:\Projects\github\MyDiag\tools\AS6\project\Logical\UserEvent\Variables.var"
    LogicalPath="UserEvent.Variables.var"
    Type="File"
    LastWriteTime="134278037837503617"
    Private="true" />
  <Object
    Path="C:\Projects\github\MyDiag\tools\AS6\project\Logical\CfgProf\IEC.prg"
    LogicalPath="CfgProf"
    Type="Program"
    LastWriteTime="134278044552553724" />
  <Object
    Path="C:\Projects\github\MyDiag\tools\AS6\project\Logical\CfgProf\Main.st"
    LogicalPath="CfgProf.Main.st"
    Type="File"
    LastWriteTime="134278150793084625"
    Private="false" />
  <Object
    Path="C:\Projects\github\MyDiag\tools\AS6\project\Logical\CfgProf\Types.typ"
    LogicalPath="CfgProf.Types.typ"
    Type="File"
    LastWriteTime="134278044552533722"
    Private="true" />
  <Object
    Path="C:\Projects\github\MyDiag\tools\AS6\project\Logical\CfgProf\Variables.var"
    LogicalPath="CfgProf.Variables.var"
    Type="File"
    LastWriteTime="134278048922184330"
    Private="true" />
  <Object
    Path="C:\Projects\github\MyDiag\tools\AS6\project\Physical\Config1\Config.pkg"
    LogicalPath="Config1"
    Type="Configuration.ParentUnknown"
    LastWriteTime="134278153581206696" />
  <Object
    Path="C:\Projects\github\MyDiag\tools\AS6\project\Physical\Config1\Hardware.hw"
    LogicalPath="Config1.Hardware.hw"
    Type="File"
    LastWriteTime="134278153581706705"
    Private="false" />
  <Object
    Path="C:\Projects\github\MyDiag\tools\AS6\project\Physical\Config1\Hardware.hwl"
    LogicalPath="Config1.Hardware.hwl"
    Type="File"
    LastWriteTime="134278084679610248"
    Private="false" />
  <Object
    Path="C:\Projects\github\MyDiag\tools\AS6\project\Physical\Config1\X20CP3685\Cpu.pkg"
    LogicalPath="Config1.X20CP3685"
    Type="Cpu"
    LastWriteTime="134278153581256692" />
  <Object
    Path="C:\Projects\github\MyDiag\tools\AS6\project\Physical\Config1\X20CP3685\Cpu.sw"
    LogicalPath="Config1.X20CP3685.Cpu.sw"
    Type="File"
    LastWriteTime="134278129266013168"
    Private="false" />
  <Object
    Path="C:\Projects\github\MyDiag\tools\AS6\project\Physical\Config1\X20CP3685\Cpu.per"
    LogicalPath="Config1.X20CP3685.Cpu.per"
    Type="File"
    LastWriteTime="134278084337183408"
    Private="false" />
  <Object
    Path="C:\Projects\github\MyDiag\tools\AS6\project\Physical\Config1\X20CP3685\IoMap.iom"
    LogicalPath="Config1.X20CP3685.IoMap.iom"
    Type="File"
    LastWriteTime="134278084337193401"
    Private="false" />
  <Object
    Path="C:\Projects\github\MyDiag\tools\AS6\project\Physical\Config1\X20CP3685\PvMap.vvm"
    LogicalPath="Config1.X20CP3685.PvMap.vvm"
    Type="File"
    LastWriteTime="134278084337203399"
    Private="false" />
  <Object
    Path="C:\Projects\github\MyDiag\tools\AS6\project\Physical\Config1\X20CP3685\Connectivity\Package.pkg"
    LogicalPath="Config1.X20CP3685.Connectivity"
    Type="Package"
    LastWriteTime="134278084337471891" />
  <Object
    Path="C:\Projects\github\MyDiag\tools\AS6\project\Physical\Config1\X20CP3685\Connectivity\OpcUA\Package.pkg"
    LogicalPath="Config1.X20CP3685.Connectivity.OpcUA"
    Type="Package"
    LastWriteTime="134278084337447098" />
  <Object
    Path="C:\Projects\github\MyDiag\tools\AS6\project\Physical\Config1\X20CP3685\Connectivity\OpcUaFx\Package.pkg"
    LogicalPath="Config1.X20CP3685.Connectivity.OpcUaFx"
    Type="Package"
    LastWriteTime="134278084337471891" />
  <Object
    Path="C:\Projects\github\MyDiag\tools\AS6\project\Physical\Config1\X20CP3685\TextSystem\Package.pkg"
    LogicalPath="Config1.X20CP3685.TextSystem"
    Type="Package"
    LastWriteTime="134278084337495530" />
  <Object
    Path="C:\Projects\github\MyDiag\tools\AS6\project\Physical\Config1\X20CP3685\UnitSystem\Package.pkg"
    LogicalPath="Config1.X20CP3685.UnitSystem"
    Type="Package"
    LastWriteTime="134278084337525531" />
  <Object
    Path="C:\Projects\github\MyDiag\tools\AS6\project\Physical\Config1\X20CP3685\AccessAndSecurity\Package.pkg"
    LogicalPath="Config1.X20CP3685.AccessAndSecurity"
    Type="Package"
    LastWriteTime="134278084337817032" />
  <Object
    Path="C:\Projects\github\MyDiag\tools\AS6\project\Physical\Config1\X20CP3685\AccessAndSecurity\UserRoleSystem\Package.pkg"
    LogicalPath="Config1.X20CP3685.AccessAndSecurity.UserRoleSystem"
    Type="Package"
    LastWriteTime="134278084337589434" />
  <Object
    Path="C:\Projects\github\MyDiag\tools\AS6\project\Physical\Config1\X20CP3685\AccessAndSecurity\UserRoleSystem\Role.role"
    LogicalPath="Config1.X20CP3685.AccessAndSecurity.UserRoleSystem.Role.role"
    Type="File"
    LastWriteTime="134278084337569379"
    Private="false" />
  <Object
    Path="C:\Projects\github\MyDiag\tools\AS6\project\Physical\Config1\X20CP3685\AccessAndSecurity\UserRoleSystem\User.user"
    LogicalPath="Config1.X20CP3685.AccessAndSecurity.UserRoleSystem.User.user"
    Type="File"
    LastWriteTime="134278084337579429"
    Private="false" />
  <Object
    Path="C:\Projects\github\MyDiag\tools\AS6\project\Physical\Config1\X20CP3685\AccessAndSecurity\CertificateStore\Package.pkg"
    LogicalPath="Config1.X20CP3685.AccessAndSecurity.CertificateStore"
    Type="Package"
    LastWriteTime="134278084337746988" />
  <Object
    Path="C:\Projects\github\MyDiag\tools\AS6\project\Physical\Config1\X20CP3685\AccessAndSecurity\CertificateStore\OwnCertificates\Package.pkg"
    LogicalPath="Config1.X20CP3685.AccessAndSecurity.CertificateStore.OwnCertificates"
    Type="Package"
    LastWriteTime="134278084337652575" />
  <Object
    Path="C:\Projects\github\MyDiag\tools\AS6\project\Physical\Config1\X20CP3685\AccessAndSecurity\CertificateStore\OwnCertificates\Certificates\Package.pkg"
    LogicalPath="Config1.X20CP3685.AccessAndSecurity.CertificateStore.OwnCertificates.Certificates"
    Type="Package"
    LastWriteTime="134278084337632577" />
  <Object
    Path="C:\Projects\github\MyDiag\tools\AS6\project\Physical\Config1\X20CP3685\AccessAndSecurity\CertificateStore\OwnCertificates\PrivateKeys\Package.pkg"
    LogicalPath="Config1.X20CP3685.AccessAndSecurity.CertificateStore.OwnCertificates.PrivateKeys"
    Type="Package"
    LastWriteTime="134278084337642578" />
  <Object
    Path="C:\Projects\github\MyDiag\tools\AS6\project\Physical\Config1\X20CP3685\AccessAndSecurity\CertificateStore\ThirdPartyCertificates\Package.pkg"
    LogicalPath="Config1.X20CP3685.AccessAndSecurity.CertificateStore.ThirdPartyCertificates"
    Type="Package"
    LastWriteTime="134278084337690437" />
  <Object
    Path="C:\Projects\github\MyDiag\tools\AS6\project\Physical\Config1\X20CP3685\AccessAndSecurity\CertificateStore\ThirdPartyCertificates\SoftwareCertificates\Package.pkg"
    LogicalPath="Config1.X20CP3685.AccessAndSecurity.CertificateStore.ThirdPartyCertificates.SoftwareCertificates"
    Type="Package"
    LastWriteTime="134278084337690437" />
  <Object
    Path="C:\Projects\github\MyDiag\tools\AS6\project\Physical\Config1\X20CP3685\AccessAndSecurity\CertificateStore\CertificateRevocationLists\Package.pkg"
    LogicalPath="Config1.X20CP3685.AccessAndSecurity.CertificateStore.CertificateRevocationLists"
    Type="Package"
    LastWriteTime="134278084337714656" />
  <Object
    Path="C:\Projects\github\MyDiag\tools\AS6\project\Physical\Config1\X20CP3685\AccessAndSecurity\CertificateStore\CertificateSigningRequests\Package.pkg"
    LogicalPath="Config1.X20CP3685.AccessAndSecurity.CertificateStore.CertificateSigningRequests"
    Type="Package"
    LastWriteTime="134278084337732171" />
  <Object
    Path="C:\Projects\github\MyDiag\tools\AS6\project\Physical\Config1\X20CP3685\AccessAndSecurity\TransportLayerSecurity\Package.pkg"
    LogicalPath="Config1.X20CP3685.AccessAndSecurity.TransportLayerSecurity"
    Type="Package"
    LastWriteTime="134278084337777047" />
  <Object
    Path="C:\Projects\github\MyDiag\tools\AS6\project\Physical\Config1\X20CP3685\AccessAndSecurity\Firewall\Package.pkg"
    LogicalPath="Config1.X20CP3685.AccessAndSecurity.Firewall"
    Type="Package"
    LastWriteTime="134278084337807034" />
  <Object
    Path="C:\Projects\github\MyDiag\tools\AS6\project\Physical\Config1\X20CP3685\AccessAndSecurity\Firewall\Rules.firewallRules"
    LogicalPath="Config1.X20CP3685.AccessAndSecurity.Firewall.Rules.firewallRules"
    Type="File"
    LastWriteTime="134278084337807034"
    Private="false" />
  <Object
    Path="C:\Projects\github\MyDiag\tools\AS6\project\Physical\Config1\X20CP3685\mappControl\Package.pkg"
    LogicalPath="Config1.X20CP3685.mappControl"
    Type="Package"
    LastWriteTime="134278084337847036" />
  <Object
    Path="C:\Projects\github\MyDiag\tools\AS6\project\Physical\Config1\X20CP3685\mappMotion\Package.pkg"
    LogicalPath="Config1.X20CP3685.mappMotion"
    Type="Package"
    LastWriteTime="134278084337867047" />
  <Object
    Path="C:\Projects\github\MyDiag\tools\AS6\project\Physical\Config1\X20CP3685\mappServices\Package.pkg"
    LogicalPath="Config1.X20CP3685.mappServices"
    Type="Package"
    LastWriteTime="134278084337897033" />
  <Object
    Path="C:\Projects\github\MyDiag\tools\AS6\project\Physical\Config1\X20CP3685\mappSafety\Package.pkg"
    LogicalPath="Config1.X20CP3685.mappSafety"
    Type="Package"
    LastWriteTime="134278084337957025" />
  <Object
    Path="C:\Projects\github\MyDiag\tools\AS6\project\Physical\Config1\X20CP3685\mappSafety\SafeApplication\Package.pkg"
    LogicalPath="Config1.X20CP3685.mappSafety.SafeApplication"
    Type="Package"
    LastWriteTime="134278084337927036" />
  <Object
    Path="C:\Projects\github\MyDiag\tools\AS6\project\Physical\Config1\X20CP3685\mappSafety\SafeCommissioning\Package.pkg"
    LogicalPath="Config1.X20CP3685.mappSafety.SafeCommissioning"
    Type="Package"
    LastWriteTime="134278084337947027" />
  <Object
    Path="C:\Projects\github\MyDiag\tools\AS6\project\Physical\Config1\X20CP3685\mappView\Package.pkg"
    LogicalPath="Config1.X20CP3685.mappView"
    Type="Package"
    LastWriteTime="134278084337977042" />
  <Object
    Path="C:\Projects\github\MyDiag\tools\AS6\project\Physical\Config1\X20CP3685\mappVision\Package.pkg"
    LogicalPath="Config1.X20CP3685.mappVision"
    Type="Package"
    LastWriteTime="134278084338007027" />
  <Object
    Path="C:\Projects\github\MyDiag\tools\AS6\project\Physical\Config1\X20CP3685\mappCockpit\Package.pkg"
    LogicalPath="Config1.X20CP3685.mappCockpit"
    Type="Package"
    LastWriteTime="134278084338027028" />
  <Object
    Path="C:\Projects\github\MyDiag\tools\AS6\project\Physical\Config1\Hardware.jpg"
    LogicalPath="Config1.Hardware.jpg"
    Type="File"
    LastWriteTime="134278084679855401"
    Private="false" />
</Objects>